\BOOKMARK [1][-]{section.1}{\376\377\000E\000x\000e\000c\000u\000t\000i\000v\000e\000\040\000S\000u\000m\000m\000a\000r\000y}{}% 1
\BOOKMARK [1][-]{section.2}{\376\377\000A\000b\000o\000u\000t\000\040\000R\000e\000a\000l\000\040\000I\000n\000d\000u\000s\000t\000r\000i\000e\000s\000\040\000L\000i\000m\000i\000t\000e\000d}{}% 2
\BOOKMARK [1][-]{section.3}{\376\377\000B\000u\000s\000i\000n\000e\000s\000s\000\040\000C\000h\000a\000l\000l\000e\000n\000g\000e}{}% 3
\BOOKMARK [1][-]{section.4}{\376\377\000P\000r\000o\000p\000o\000s\000e\000d\000\040\000S\000o\000l\000u\000t\000i\000o\000n\000\040\000O\000v\000e\000r\000v\000i\000e\000w}{}% 4
\BOOKMARK [1][-]{section.5}{\376\377\000A\000r\000c\000h\000i\000t\000e\000c\000t\000u\000r\000e\000\040\000O\000v\000e\000r\000v\000i\000e\000w}{}% 5
\BOOKMARK [1][-]{section.6}{\376\377\000P\000l\000a\000t\000f\000o\000r\000m\000\040\000\046\000\040\000A\000I\000\040\000T\000e\000c\000h\000n\000o\000l\000o\000g\000y}{}% 6
\BOOKMARK [2][-]{subsection.6.1}{\376\377\000M\000L\000\040\000P\000r\000e\000d\000i\000c\000t\000i\000o\000n\000\040\000M\000o\000d\000e\000l\000s}{section.6}% 7
\BOOKMARK [2][-]{subsection.6.2}{\376\377\000L\000L\000M\000\040\000A\000I\000\040\000A\000s\000s\000i\000s\000t\000a\000n\000t\000\040\000C\000h\000a\000t\000b\000o\000t}{section.6}% 8
\BOOKMARK [2][-]{subsection.6.3}{\376\377\000A\000u\000t\000o\000m\000a\000t\000e\000d\000\040\000R\000u\000l\000e\000\040\000E\000n\000g\000i\000n\000e\000\040\000\046\000\040\000S\000m\000a\000r\000t\000\040\000A\000l\000e\000r\000t\000s}{section.6}% 9
\BOOKMARK [2][-]{subsection.6.4}{\376\377\000I\000n\000t\000e\000g\000r\000a\000t\000i\000o\000n\000\040\000\046\000\040\000R\000e\000a\000l\000-\000T\000i\000m\000e\000\040\000L\000a\000y\000e\000r}{section.6}% 10
\BOOKMARK [2][-]{subsection.6.5}{\376\377\000D\000a\000t\000a\000\040\000F\000o\000u\000n\000d\000a\000t\000i\000o\000n}{section.6}% 11
\BOOKMARK [1][-]{section.7}{\376\377\000H\000S\000R\000P\000\040\000O\000r\000d\000e\000r\000\040\000L\000i\000f\000e\000c\000y\000c\000l\000e}{}% 12
\BOOKMARK [1][-]{section.8}{\376\377\000P\000A\000N\000\040\000I\000n\000d\000i\000a\000\040\000E\000c\000o\000s\000y\000s\000t\000e\000m}{}% 13
\BOOKMARK [1][-]{section.9}{\376\377\000C\000a\000p\000a\000b\000i\000l\000i\000t\000y\000\040\000M\000o\000d\000u\000l\000e\000s}{}% 14
\BOOKMARK [2][-]{subsection.9.1}{\376\377\000R\000e\000v\000e\000n\000u\000e\000\040\000\046\000\040\000O\000E\000M\000\040\000A\000n\000a\000l\000y\000t\000i\000c\000s}{section.9}% 15
\BOOKMARK [2][-]{subsection.9.2}{\376\377\000P\000e\000n\000d\000e\000n\000c\000y\000\040\000\046\000\040\000D\000e\000l\000a\000y\000\040\000M\000o\000n\000i\000t\000o\000r\000i\000n\000g}{section.9}% 16
\BOOKMARK [2][-]{subsection.9.3}{\376\377\000O\000p\000e\000r\000a\000t\000i\000o\000n\000a\000l\000\040\000P\000e\000r\000f\000o\000r\000m\000a\000n\000c\000e\000\040\000A\000n\000a\000l\000y\000t\000i\000c\000s}{section.9}% 17
\BOOKMARK [2][-]{subsection.9.4}{\376\377\000I\000n\000v\000e\000n\000t\000o\000r\000y\000\040\000\046\000\040\000C\000o\000n\000s\000u\000m\000p\000t\000i\000o\000n\000\040\000I\000n\000t\000e\000l\000l\000i\000g\000e\000n\000c\000e}{section.9}% 18
\BOOKMARK [2][-]{subsection.9.5}{\376\377\000A\000I\000\040\000S\000m\000a\000r\000t\000\040\000A\000l\000e\000r\000t\000s\000\040\000\046\000\040\000P\000r\000e\000d\000i\000c\000t\000i\000v\000e\000\040\000I\000n\000t\000e\000l\000l\000i\000g\000e\000n\000c\000e}{section.9}% 19
\BOOKMARK [2][-]{subsection.9.6}{\376\377\000R\000e\000a\000l\000-\000T\000i\000m\000e\000\040\000D\000a\000s\000h\000b\000o\000a\000r\000d\000\040\000\046\000\040\000M\000o\000n\000i\000t\000o\000r\000i\000n\000g}{section.9}% 20
\BOOKMARK [2][-]{subsection.9.7}{\376\377\000T\000A\000T\000\040\000\050\000T\000u\000r\000n\000a\000r\000o\000u\000n\000d\000\040\000T\000i\000m\000e\000\051\000\040\000A\000n\000a\000l\000y\000s\000i\000s}{section.9}% 21
\BOOKMARK [2][-]{subsection.9.8}{\376\377\000P\000r\000e\000d\000i\000c\000t\000i\000v\000e\000\040\000I\000n\000v\000e\000n\000t\000o\000r\000y\000\040\000P\000l\000a\000n\000n\000i\000n\000g}{section.9}% 22
\BOOKMARK [1][-]{section.10}{\376\377\000S\000t\000r\000a\000t\000e\000g\000i\000c\000\040\000B\000e\000n\000e\000f\000i\000t\000s}{}% 23
\BOOKMARK [1][-]{section.11}{\376\377\000C\000o\000n\000c\000l\000u\000s\000i\000o\000n}{}% 24
